// Jest Snapshot v1, https://goo.gl/fbAQLP

exports[`renders without crashing 1`] = `
<View
  style={
    Object {
      "alignItems": "center",
      "backgroundColor": "#fff",
      "flex": 1,
      "justifyContent": "center",
    }
  }
>
  <Text>
    Open up App.ts to start working on your app!!!!
  </Text>
  <Text>
    Changes you make will automatically reload.
  </Text>
  <Text>
    Shake your phone to open the developer menu.
  </Text>
  <Text />
  <Text />
</View>
`;
